


	This is definition #20


	Variables 1, , world


	Variables 3, , world
